// Jest Snapshot v1, https://goo.gl/fbAQLP

exports[`recipe homework matches the snapshot 1`] = `
<div>
  <div>
    <div
      className="split-left"
    >
      <div>
        <a
          className="card-link"
          onClick={[Function]}
          style={
            Object {
              "cursor": "pointer",
            }
          }
          type="button"
        >
          <span>
            <img
              class="small-image"
              src="http://gtest.dev.wwbtc.comundefined"
            />
          </span>
          <span
            class="text-right"
          >
            <h3>
               
               
            </h3>
            <h4
              dangerouslySetInnerHTML={
                Object {
                  "__html": undefined,
                }
              }
            />
          </span>
        </a>
        <br />
        <br />
      </div>
    </div>
  </div>
  <div
    className="split-right"
  >
    <span>
      <img
        src="http://gtest.dev.wwbtc.comundefined"
      />
    </span>
    <span>
      <h1>
         
         
      </h1>
    </span>
    <span>
      <h2>
         Ingredients: 
         
      </h2>
    </span>
    <span>
      <h3
        dangerouslySetInnerHTML={
          Object {
            "__html": undefined,
          }
        }
      />
    </span>
    <span>
      <input
        className="bottom-left-button"
        onClick={[Function]}
        type="button"
        value="Previous"
      />
      <input
        className="bottom-right-button"
        onClick={[Function]}
        type="button"
        value="Next"
      />
    </span>
  </div>
</div>
`;
